main.c:113:5:main	16	static
main.c:306:6:SystemClock_Config	88	static
main.c:349:13:MX_NVIC_Init	8	static
main.c:367:13:MX_ADC1_Init	24	static
main.c:420:13:MX_TIM1_Init	80	static
main.c:485:13:MX_TIM2_Init	48	static
main.c:534:13:MX_TIM3_Init	48	static
main.c:583:13:MX_TIM4_Init	48	static
main.c:632:13:MX_TIM5_Init	48	static
main.c:681:13:MX_USART2_UART_Init	8	static
main.c:712:13:MX_DMA_Init	16	static
main.c:731:13:MX_GPIO_Init	48	static
main.c:775:6:HAL_TIM_PeriodElapsedCallback	16	static
main.c:780:6:get_Timer_clocks	56	static
main.c:792:6:flush_CCD	8	static
main.c:832:6:HAL_UART_RxCpltCallback	16	static
main.c:871:6:HAL_ADC_ConvCpltCallback	16	static
main.c:876:6:sort_aRxBuffer	16	static
main.c:912:6:Error_Handler	4	static
