stm32f4xx_it.c:106:6:NMI_Handler	4	static
stm32f4xx_it.c:119:6:HardFault_Handler	4	static
stm32f4xx_it.c:134:6:MemManage_Handler	4	static
stm32f4xx_it.c:149:6:BusFault_Handler	4	static
stm32f4xx_it.c:164:6:UsageFault_Handler	4	static
stm32f4xx_it.c:179:6:SVC_Handler	4	static
stm32f4xx_it.c:192:6:DebugMon_Handler	4	static
stm32f4xx_it.c:205:6:PendSV_Handler	4	static
stm32f4xx_it.c:218:6:SysTick_Handler	8	static
stm32f4xx_it.c:239:6:DMA1_Stream5_IRQHandler	8	static
stm32f4xx_it.c:253:6:DMA1_Stream6_IRQHandler	8	static
stm32f4xx_it.c:267:6:USART2_IRQHandler	8	static
stm32f4xx_it.c:281:6:TIM5_IRQHandler	8	static
stm32f4xx_it.c:315:6:DMA2_Stream0_IRQHandler	8	static
stm32f4xx_it.c:374:10:TIM_GetITStatus	24	static
stm32f4xx_it.c:396:6:TIM_ClearITPendingBit	16	static
stm32f4xx_it.c:405:10:DMA_GetITStatus	32	static
stm32f4xx_it.c:473:6:DMA_ClearITPendingBit	24	static
